

> @timui/shared@0.0.1 build /Users/jiawei01.mao/sine/timkit-ui/packages/shared
> tsup

[34mCLI[39m Building entry: src/index.ts
[34mCLI[39m Using tsconfig: tsconfig.json
[34mCLI[39m tsup v8.5.1
[34mCLI[39m Using tsup config: /Users/jiawei01.mao/sine/timkit-ui/packages/shared/tsup.config.ts
[34mCLI[39m Target: esnext
[34mCLI[39m Cleaning output folder
[34mCJS[39m Build start
[34mESM[39m Build start
[32mCJS[39m [1mdist/index.js     [22m[32m8.24 KB[39m
[32mCJS[39m [1mdist/index.js.map [22m[32m10.20 KB[39m
[32mCJS[39m ⚡️ Build success in 367ms
[32mESM[39m [1mdist/index.mjs     [22m[32m7.07 KB[39m
[32mESM[39m [1mdist/index.mjs.map [22m[32m10.16 KB[39m
[32mESM[39m ⚡️ Build success in 366ms
DTS Build start
DTS ⚡️ Build success in 1160ms
DTS dist/index.d.ts  177.00 B
DTS dist/index.d.mts 177.00 B
