

> @timui/core@0.0.1 build /Users/jiawei01.mao/sine/timkit-ui/packages/core
> tsup && rm -f tsconfig.tsbuildinfo && tsc --emitDeclarationOnly --noEmit false

[34mCLI[39m Building entry: src/index.ts, src/shared/preview-protocol.ts, src/shared/utils.ts, src/slices/machines.ts, src/slices/schemas.ts, src/slices/variants.ts, src/components/accordion/index.ts, src/components/alert/index.ts, src/components/alert-dialog/index.ts, src/components/avatar/index.ts, src/components/badge/index.ts, src/components/banner/index.ts, src/components/breadcrumb/index.ts, src/components/button/index.ts, src/components/calendar/index.ts, src/components/checkbox-tree/index.ts, src/components/checkbox/index.ts, src/components/combobox/index.ts, src/components/collapsible/index.ts, src/components/card/index.ts, src/components/command/index.ts, src/components/datefield/index.ts, src/components/date-picker/index.ts, src/components/dropdown-menu/index.ts, src/components/hover-card/index.ts, src/components/image-cropper/index.ts, src/components/label/index.ts, src/components/list-box/index.ts, src/components/input/index.ts, src/components/multiselect/index.ts, src/components/navigation-menu/index.ts, src/components/navbar/index.ts, src/components/notification/index.ts, src/components/pagination/index.ts, src/components/popover/index.ts, src/components/number-field/index.ts, src/components/progress/index.ts, src/components/resizable/index.ts, src/components/scroll-area/index.ts, src/components/radio-group/index.ts, src/components/select/index.ts, src/components/select-native/index.ts, src/components/dialog/index.ts, src/components/separator/index.ts, src/components/slider/index.ts, src/components/sheet/index.ts, src/components/table/index.ts, src/components/stepper/index.ts, src/components/tags-input/index.ts, src/components/textarea/index.ts, src/components/timeline/index.ts, src/components/tabs/index.ts, src/components/toggle/index.ts, src/components/toast/index.ts, src/components/toggle-group/index.ts, src/components/tooltip/index.ts, src/components/switch/index.ts, src/components/tree/index.ts
[34mCLI[39m Using tsconfig: tsconfig.json
[34mCLI[39m tsup v8.5.1
[34mCLI[39m Using tsup config: /Users/jiawei01.mao/sine/timkit-ui/packages/core/tsup.config.ts
[34mCLI[39m Target: esnext
[34mCLI[39m Cleaning output folder
[34mCJS[39m Build start
[34mESM[39m Build start
Generated an empty chunk: "chunk-D6KBWX66".
Generated an empty chunk: "chunk-VDZO3PX2".
[32mESM[39m [1mdist/components/tooltip/index.mjs             [22m[32m414.00 B[39m
[32mESM[39m [1mdist/components/tree/index.mjs                [22m[32m396.00 B[39m
[32mESM[39m [1mdist/components/toggle/index.mjs              [22m[32m402.00 B[39m
[32mESM[39m [1mdist/components/toggle-group/index.mjs        [22m[32m427.00 B[39m
[32mESM[39m [1mdist/components/dialog/index.mjs              [22m[32m596.00 B[39m
[32mESM[39m [1mdist/components/tabs/index.mjs                [22m[32m438.00 B[39m
[32mESM[39m [1mdist/components/tags-input/index.mjs          [22m[32m578.00 B[39m
[32mESM[39m [1mdist/components/select/index.mjs              [22m[32m608.00 B[39m
[32mESM[39m [1mdist/components/table/index.mjs               [22m[32m466.00 B[39m
[32mESM[39m [1mdist/components/timeline/index.mjs            [22m[32m484.00 B[39m
[32mESM[39m [1mdist/components/sheet/index.mjs               [22m[32m494.00 B[39m
[32mESM[39m [1mdist/components/stepper/index.mjs             [22m[32m648.00 B[39m
[32mESM[39m [1mdist/components/pagination/index.mjs          [22m[32m579.00 B[39m
[32mESM[39m [1mdist/components/popover/index.mjs             [22m[32m414.00 B[39m
[32mESM[39m [1mdist/components/number-field/index.mjs        [22m[32m541.00 B[39m
[32mESM[39m [1mdist/components/progress/index.mjs            [22m[32m575.00 B[39m
[32mESM[39m [1mdist/components/notification/index.mjs        [22m[32m437.00 B[39m
[32mESM[39m [1mdist/components/resizable/index.mjs           [22m[32m403.00 B[39m
[32mESM[39m [1mdist/components/radio-group/index.mjs         [22m[32m508.00 B[39m
[32mESM[39m [1mdist/components/label/index.mjs               [22m[32m308.00 B[39m
[32mESM[39m [1mdist/components/multiselect/index.mjs         [22m[32m596.00 B[39m
[32mESM[39m [1mdist/components/input/index.mjs               [22m[32m308.00 B[39m
[32mESM[39m [1mdist/components/scroll-area/index.mjs         [22m[32m400.00 B[39m
[32mESM[39m [1mdist/components/toast/index.mjs               [22m[32m528.00 B[39m
[32mESM[39m [1mdist/components/combobox/index.mjs            [22m[32m741.00 B[39m
[32mESM[39m [1mdist/components/image-cropper/index.mjs       [22m[32m418.00 B[39m
[32mESM[39m [1mdist/components/checkbox/index.mjs            [22m[32m521.00 B[39m
[32mESM[39m [1mdist/components/collapsible/index.mjs         [22m[32m484.00 B[39m
[32mESM[39m [1mdist/components/switch/index.mjs              [22m[32m443.00 B[39m
[32mESM[39m [1mdist/components/list-box/index.mjs            [22m[32m408.00 B[39m
[32mESM[39m [1mdist/components/command/index.mjs             [22m[32m553.00 B[39m
[32mESM[39m [1mdist/components/datefield/index.mjs           [22m[32m464.00 B[39m
[32mESM[39m [1mdist/components/date-picker/index.mjs         [22m[32m630.00 B[39m
[32mESM[39m [1mdist/components/navbar/index.mjs              [22m[32m416.00 B[39m
[32mESM[39m [1mdist/components/dropdown-menu/index.mjs       [22m[32m761.00 B[39m
[32mESM[39m [1mdist/components/alert-dialog/index.mjs        [22m[32m624.00 B[39m
[32mESM[39m [1mdist/components/navigation-menu/index.mjs     [22m[32m704.00 B[39m
[32mESM[39m [1mdist/components/breadcrumb/index.mjs          [22m[32m450.00 B[39m
[32mESM[39m [1mdist/components/calendar/index.mjs            [22m[32m863.00 B[39m
[32mESM[39m [1mdist/components/button/index.mjs              [22m[32m309.00 B[39m
[32mESM[39m [1mdist/components/avatar/index.mjs              [22m[32m463.00 B[39m
[32mESM[39m [1mdist/components/banner/index.mjs              [22m[32m423.00 B[39m
[32mESM[39m [1mdist/chunk-D6KBWX66.mjs                       [22m[32m88.00 B[39m
[32mESM[39m [1mdist/components/checkbox-tree/index.mjs       [22m[32m385.00 B[39m
[32mESM[39m [1mdist/shared/utils.mjs                         [22m[32m141.00 B[39m
[32mESM[39m [1mdist/slices/machines.mjs                      [22m[32m2.68 KB[39m
[32mESM[39m [1mdist/components/badge/index.mjs               [22m[32m307.00 B[39m
[32mESM[39m [1mdist/chunk-VHROZSY3.mjs                       [22m[32m159.00 B[39m
[32mESM[39m [1mdist/index.mjs                                [22m[32m12.05 KB[39m
[32mESM[39m [1mdist/slices/schemas.mjs                       [22m[32m2.08 KB[39m
[32mESM[39m [1mdist/chunk-2CR3O2LN.mjs                       [22m[32m663.00 B[39m
[32mESM[39m [1mdist/components/hover-card/index.mjs          [22m[32m424.00 B[39m
[32mESM[39m [1mdist/slices/variants.mjs                      [22m[32m7.04 KB[39m
[32mESM[39m [1mdist/chunk-TYOQELZB.mjs                       [22m[32m70.36 KB[39m
[32mESM[39m [1mdist/chunk-DVRYGTJ3.mjs                       [22m[32m603.00 B[39m
[32mESM[39m [1mdist/shared/preview-protocol.mjs              [22m[32m386.00 B[39m
[32mESM[39m [1mdist/chunk-LBSY4TQ6.mjs                       [22m[32m4.01 KB[39m
[32mESM[39m [1mdist/chunk-3WFTYX2C.mjs                       [22m[32m2.59 KB[39m
[32mESM[39m [1mdist/components/alert/index.mjs               [22m[32m353.00 B[39m
[32mESM[39m [1mdist/chunk-BOY6GUP5.mjs                       [22m[32m52.31 KB[39m
[32mESM[39m [1mdist/components/textarea/index.mjs            [22m[32m314.00 B[39m
[32mESM[39m [1mdist/components/card/index.mjs                [22m[32m411.00 B[39m
[32mESM[39m [1mdist/components/accordion/index.mjs           [22m[32m558.00 B[39m
[32mESM[39m [1mdist/components/select-native/index.mjs       [22m[32m382.00 B[39m
[32mESM[39m [1mdist/components/separator/index.mjs           [22m[32m316.00 B[39m
[32mESM[39m [1mdist/components/slider/index.mjs              [22m[32m469.00 B[39m
[32mESM[39m [1mdist/components/tooltip/index.mjs.map         [22m[32m70.00 B[39m
[32mESM[39m [1mdist/components/toggle/index.mjs.map          [22m[32m70.00 B[39m
[32mESM[39m [1mdist/components/toggle-group/index.mjs.map    [22m[32m70.00 B[39m
[32mESM[39m [1mdist/components/tabs/index.mjs.map            [22m[32m70.00 B[39m
[32mESM[39m [1mdist/components/tags-input/index.mjs.map      [22m[32m70.00 B[39m
[32mESM[39m [1mdist/components/dialog/index.mjs.map          [22m[32m70.00 B[39m
[32mESM[39m [1mdist/components/tree/index.mjs.map            [22m[32m70.00 B[39m
[32mESM[39m [1mdist/components/table/index.mjs.map           [22m[32m70.00 B[39m
[32mESM[39m [1mdist/components/timeline/index.mjs.map        [22m[32m70.00 B[39m
[32mESM[39m [1mdist/components/sheet/index.mjs.map           [22m[32m70.00 B[39m
[32mESM[39m [1mdist/components/stepper/index.mjs.map         [22m[32m70.00 B[39m
[32mESM[39m [1mdist/components/pagination/index.mjs.map      [22m[32m70.00 B[39m
[32mESM[39m [1mdist/components/popover/index.mjs.map         [22m[32m70.00 B[39m
[32mESM[39m [1mdist/components/number-field/index.mjs.map    [22m[32m70.00 B[39m
[32mESM[39m [1mdist/components/resizable/index.mjs.map       [22m[32m70.00 B[39m
[32mESM[39m [1mdist/components/progress/index.mjs.map        [22m[32m70.00 B[39m
[32mESM[39m [1mdist/components/label/index.mjs.map           [22m[32m70.00 B[39m
[32mESM[39m [1mdist/components/multiselect/index.mjs.map     [22m[32m70.00 B[39m
[32mESM[39m [1mdist/components/input/index.mjs.map           [22m[32m70.00 B[39m
[32mESM[39m [1mdist/components/scroll-area/index.mjs.map     [22m[32m70.00 B[39m
[32mESM[39m [1mdist/components/toast/index.mjs.map           [22m[32m70.00 B[39m
[32mESM[39m [1mdist/components/combobox/index.mjs.map        [22m[32m70.00 B[39m
[32mESM[39m [1mdist/components/image-cropper/index.mjs.map   [22m[32m70.00 B[39m
[32mESM[39m [1mdist/components/checkbox/index.mjs.map        [22m[32m70.00 B[39m
[32mESM[39m [1mdist/components/collapsible/index.mjs.map     [22m[32m70.00 B[39m
[32mESM[39m [1mdist/components/switch/index.mjs.map          [22m[32m70.00 B[39m
[32mESM[39m [1mdist/components/list-box/index.mjs.map        [22m[32m70.00 B[39m
[32mESM[39m [1mdist/components/command/index.mjs.map         [22m[32m70.00 B[39m
[32mESM[39m [1mdist/components/datefield/index.mjs.map       [22m[32m70.00 B[39m
[32mESM[39m [1mdist/components/date-picker/index.mjs.map     [22m[32m70.00 B[39m
[32mESM[39m [1mdist/components/navbar/index.mjs.map          [22m[32m70.00 B[39m
[32mESM[39m [1mdist/components/dropdown-menu/index.mjs.map   [22m[32m70.00 B[39m
[32mESM[39m [1mdist/components/alert-dialog/index.mjs.map    [22m[32m70.00 B[39m
[32mESM[39m [1mdist/components/navigation-menu/index.mjs.map [22m[32m70.00 B[39m
[32mESM[39m [1mdist/components/breadcrumb/index.mjs.map      [22m[32m70.00 B[39m
[32mESM[39m [1mdist/components/calendar/index.mjs.map        [22m[32m70.00 B[39m
[32mESM[39m [1mdist/components/button/index.mjs.map          [22m[32m70.00 B[39m
[32mESM[39m [1mdist/components/avatar/index.mjs.map          [22m[32m70.00 B[39m
[32mESM[39m [1mdist/components/banner/index.mjs.map          [22m[32m70.00 B[39m
[32mESM[39m [1mdist/chunk-D6KBWX66.mjs.map                   [22m[32m79.00 B[39m
[32mESM[39m [1mdist/shared/utils.mjs.map                     [22m[32m70.00 B[39m
[32mESM[39m [1mdist/slices/machines.mjs.map                  [22m[32m73.00 B[39m
[32mESM[39m [1mdist/components/badge/index.mjs.map           [22m[32m70.00 B[39m
[32mESM[39m [1mdist/chunk-VHROZSY3.mjs.map                   [22m[32m99.00 B[39m
[32mESM[39m [1mdist/index.mjs.map                            [22m[32m70.00 B[39m
[32mESM[39m [1mdist/slices/schemas.mjs.map                   [22m[32m72.00 B[39m
[32mESM[39m [1mdist/chunk-2CR3O2LN.mjs.map                   [22m[32m785.00 B[39m
[32mESM[39m [1mdist/components/hover-card/index.mjs.map      [22m[32m70.00 B[39m
[32mESM[39m [1mdist/slices/variants.mjs.map                  [22m[32m73.00 B[39m
[32mESM[39m [1mdist/chunk-TYOQELZB.mjs.map                   [22m[32m138.31 KB[39m
[32mESM[39m [1mdist/chunk-DVRYGTJ3.mjs.map                   [22m[32m1.49 KB[39m
[32mESM[39m [1mdist/shared/preview-protocol.mjs.map          [22m[32m81.00 B[39m
[32mESM[39m [1mdist/chunk-LBSY4TQ6.mjs.map                   [22m[32m9.90 KB[39m
[32mESM[39m [1mdist/chunk-3WFTYX2C.mjs.map                   [22m[32m99.00 B[39m
[32mESM[39m [1mdist/components/alert/index.mjs.map           [22m[32m70.00 B[39m
[32mESM[39m [1mdist/chunk-BOY6GUP5.mjs.map                   [22m[32m66.41 KB[39m
[32mESM[39m [1mdist/components/textarea/index.mjs.map        [22m[32m70.00 B[39m
[32mESM[39m [1mdist/components/select/index.mjs.map          [22m[32m70.00 B[39m
[32mESM[39m [1mdist/components/card/index.mjs.map            [22m[32m70.00 B[39m
[32mESM[39m [1mdist/components/accordion/index.mjs.map       [22m[32m70.00 B[39m
[32mESM[39m [1mdist/components/select-native/index.mjs.map   [22m[32m70.00 B[39m
[32mESM[39m [1mdist/components/notification/index.mjs.map    [22m[32m70.00 B[39m
[32mESM[39m [1mdist/components/checkbox-tree/index.mjs.map   [22m[32m70.00 B[39m
[32mESM[39m [1mdist/components/radio-group/index.mjs.map     [22m[32m70.00 B[39m
[32mESM[39m [1mdist/components/separator/index.mjs.map       [22m[32m70.00 B[39m
[32mESM[39m [1mdist/components/slider/index.mjs.map          [22m[32m70.00 B[39m
[32mESM[39m ⚡️ Build success in 705ms
[32mCJS[39m [1mdist/components/textarea/index.js            [22m[32m593.00 B[39m
[32mCJS[39m [1mdist/components/toggle/index.js              [22m[32m1006.00 B[39m
[32mCJS[39m [1mdist/components/tabs/index.js                [22m[32m1.27 KB[39m
[32mCJS[39m [1mdist/components/timeline/index.js            [22m[32m1.64 KB[39m
[32mCJS[39m [1mdist/components/toggle-group/index.js        [22m[32m1.01 KB[39m
[32mCJS[39m [1mdist/components/toast/index.js               [22m[32m1.83 KB[39m
[32mCJS[39m [1mdist/components/tags-input/index.js          [22m[32m1.94 KB[39m
[32mCJS[39m [1mdist/components/tooltip/index.js             [22m[32m1.00 KB[39m
[32mCJS[39m [1mdist/components/separator/index.js           [22m[32m596.00 B[39m
[32mCJS[39m [1mdist/components/slider/index.js              [22m[32m1.42 KB[39m
[32mCJS[39m [1mdist/components/switch/index.js              [22m[32m1.27 KB[39m
[32mCJS[39m [1mdist/components/sheet/index.js               [22m[32m1.76 KB[39m
[32mCJS[39m [1mdist/components/dialog/index.js              [22m[32m2.19 KB[39m
[32mCJS[39m [1mdist/components/table/index.js               [22m[32m1.71 KB[39m
[32mCJS[39m [1mdist/components/select/index.js              [22m[32m2.18 KB[39m
[32mCJS[39m [1mdist/components/notification/index.js        [22m[32m1.23 KB[39m
[32mCJS[39m [1mdist/components/popover/index.js             [22m[32m1.00 KB[39m
[32mCJS[39m [1mdist/components/pagination/index.js          [22m[32m1.93 KB[39m
[32mCJS[39m [1mdist/components/scroll-area/index.js         [22m[32m1.06 KB[39m
[32mCJS[39m [1mdist/components/number-field/index.js        [22m[32m1.65 KB[39m
[32mCJS[39m [1mdist/components/progress/index.js            [22m[32m1.93 KB[39m
[32mCJS[39m [1mdist/components/resizable/index.js           [22m[32m1.06 KB[39m
[32mCJS[39m [1mdist/components/radio-group/index.js         [22m[32m1.48 KB[39m
[32mCJS[39m [1mdist/components/label/index.js               [22m[32m584.00 B[39m
[32mCJS[39m [1mdist/components/list-box/index.js            [22m[32m1.47 KB[39m
[32mCJS[39m [1mdist/components/select-native/index.js       [22m[32m937.00 B[39m
[32mCJS[39m [1mdist/components/hover-card/index.js          [22m[32m1.01 KB[39m
[32mCJS[39m [1mdist/components/navigation-menu/index.js     [22m[32m2.58 KB[39m
[32mCJS[39m [1mdist/components/tree/index.js                [22m[32m1.16 KB[39m
[32mCJS[39m [1mdist/components/input/index.js               [22m[32m584.00 B[39m
[32mCJS[39m [1mdist/components/navbar/index.js              [22m[32m1.30 KB[39m
[32mCJS[39m [1mdist/components/multiselect/index.js         [22m[32m2.16 KB[39m
[32mCJS[39m [1mdist/components/combobox/index.js            [22m[32m2.95 KB[39m
[32mCJS[39m [1mdist/components/stepper/index.js             [22m[32m2.39 KB[39m
[32mCJS[39m [1mdist/components/datefield/index.js           [22m[32m1.30 KB[39m
[32mCJS[39m [1mdist/components/checkbox/index.js            [22m[32m1.62 KB[39m
[32mCJS[39m [1mdist/components/card/index.js                [22m[32m1.29 KB[39m
[32mCJS[39m [1mdist/components/image-cropper/index.js       [22m[32m1.19 KB[39m
[32mCJS[39m [1mdist/components/command/index.js             [22m[32m2.08 KB[39m
[32mCJS[39m [1mdist/components/avatar/index.js              [22m[32m1.42 KB[39m
[32mCJS[39m [1mdist/components/badge/index.js               [22m[32m583.00 B[39m
[32mCJS[39m [1mdist/components/date-picker/index.js         [22m[32m2.14 KB[39m
[32mCJS[39m [1mdist/components/alert-dialog/index.js        [22m[32m2.13 KB[39m
[32mCJS[39m [1mdist/components/button/index.js              [22m[32m586.00 B[39m
[32mCJS[39m [1mdist/components/breadcrumb/index.js          [22m[32m1.36 KB[39m
[32mCJS[39m [1mdist/components/collapsible/index.js         [22m[32m1.33 KB[39m
[32mCJS[39m [1mdist/components/checkbox-tree/index.js       [22m[32m943.00 B[39m
[32mCJS[39m [1mdist/components/calendar/index.js            [22m[32m3.74 KB[39m
[32mCJS[39m [1mdist/components/banner/index.js              [22m[32m1.31 KB[39m
[32mCJS[39m [1mdist/chunk-VDZO3PX2.js                       [22m[32m100.00 B[39m
[32mCJS[39m [1mdist/index.js                                [22m[32m66.02 KB[39m
[32mCJS[39m [1mdist/chunk-5SHJCHMC.js                       [22m[32m605.00 B[39m
[32mCJS[39m [1mdist/components/dropdown-menu/index.js       [22m[32m3.03 KB[39m
[32mCJS[39m [1mdist/components/alert/index.js               [22m[32m887.00 B[39m
[32mCJS[39m [1mdist/slices/machines.js                      [22m[32m11.67 KB[39m
[32mCJS[39m [1mdist/chunk-TDASHMUY.js                       [22m[32m947.00 B[39m
[32mCJS[39m [1mdist/shared/preview-protocol.js              [22m[32m1.69 KB[39m
[32mCJS[39m [1mdist/slices/variants.js                      [22m[32m43.90 KB[39m
[32mCJS[39m [1mdist/components/accordion/index.js           [22m[32m1.80 KB[39m
[32mCJS[39m [1mdist/chunk-MGERYQBI.js                       [22m[32m687.00 B[39m
[32mCJS[39m [1mdist/slices/schemas.js                       [22m[32m7.76 KB[39m
[32mCJS[39m [1mdist/chunk-IXOB2BA4.js                       [22m[32m4.34 KB[39m
[32mCJS[39m [1mdist/shared/utils.js                         [22m[32m523.00 B[39m
[32mCJS[39m [1mdist/chunk-P6DYGLCU.js                       [22m[32m67.78 KB[39m
[32mCJS[39m [1mdist/chunk-5FD4456M.js                       [22m[32m71.30 KB[39m
[32mCJS[39m [1mdist/chunk-5TYDFSDG.js                       [22m[32m10.73 KB[39m
[32mCJS[39m [1mdist/components/textarea/index.js.map        [22m[32m69.00 B[39m
[32mCJS[39m [1mdist/components/toggle/index.js.map          [22m[32m69.00 B[39m
[32mCJS[39m [1mdist/components/tabs/index.js.map            [22m[32m69.00 B[39m
[32mCJS[39m [1mdist/components/timeline/index.js.map        [22m[32m69.00 B[39m
[32mCJS[39m [1mdist/components/toast/index.js.map           [22m[32m69.00 B[39m
[32mCJS[39m [1mdist/components/toggle-group/index.js.map    [22m[32m69.00 B[39m
[32mCJS[39m [1mdist/components/tags-input/index.js.map      [22m[32m69.00 B[39m
[32mCJS[39m [1mdist/components/tooltip/index.js.map         [22m[32m69.00 B[39m
[32mCJS[39m [1mdist/components/slider/index.js.map          [22m[32m69.00 B[39m
[32mCJS[39m [1mdist/components/switch/index.js.map          [22m[32m69.00 B[39m
[32mCJS[39m [1mdist/components/sheet/index.js.map           [22m[32m69.00 B[39m
[32mCJS[39m [1mdist/components/table/index.js.map           [22m[32m69.00 B[39m
[32mCJS[39m [1mdist/components/dialog/index.js.map          [22m[32m69.00 B[39m
[32mCJS[39m [1mdist/components/select/index.js.map          [22m[32m69.00 B[39m
[32mCJS[39m [1mdist/components/notification/index.js.map    [22m[32m69.00 B[39m
[32mCJS[39m [1mdist/components/popover/index.js.map         [22m[32m69.00 B[39m
[32mCJS[39m [1mdist/components/pagination/index.js.map      [22m[32m69.00 B[39m
[32mCJS[39m [1mdist/components/number-field/index.js.map    [22m[32m69.00 B[39m
[32mCJS[39m [1mdist/components/scroll-area/index.js.map     [22m[32m69.00 B[39m
[32mCJS[39m [1mdist/components/progress/index.js.map        [22m[32m69.00 B[39m
[32mCJS[39m [1mdist/components/resizable/index.js.map       [22m[32m69.00 B[39m
[32mCJS[39m [1mdist/components/label/index.js.map           [22m[32m69.00 B[39m
[32mCJS[39m [1mdist/components/list-box/index.js.map        [22m[32m69.00 B[39m
[32mCJS[39m [1mdist/components/select-native/index.js.map   [22m[32m69.00 B[39m
[32mCJS[39m [1mdist/components/hover-card/index.js.map      [22m[32m69.00 B[39m
[32mCJS[39m [1mdist/components/tree/index.js.map            [22m[32m69.00 B[39m
[32mCJS[39m [1mdist/components/input/index.js.map           [22m[32m69.00 B[39m
[32mCJS[39m [1mdist/components/multiselect/index.js.map     [22m[32m69.00 B[39m
[32mCJS[39m [1mdist/components/combobox/index.js.map        [22m[32m69.00 B[39m
[32mCJS[39m [1mdist/components/stepper/index.js.map         [22m[32m69.00 B[39m
[32mCJS[39m [1mdist/components/datefield/index.js.map       [22m[32m69.00 B[39m
[32mCJS[39m [1mdist/components/card/index.js.map            [22m[32m69.00 B[39m
[32mCJS[39m [1mdist/components/checkbox/index.js.map        [22m[32m69.00 B[39m
[32mCJS[39m [1mdist/components/image-cropper/index.js.map   [22m[32m69.00 B[39m
[32mCJS[39m [1mdist/components/command/index.js.map         [22m[32m69.00 B[39m
[32mCJS[39m [1mdist/components/badge/index.js.map           [22m[32m69.00 B[39m
[32mCJS[39m [1mdist/components/date-picker/index.js.map     [22m[32m69.00 B[39m
[32mCJS[39m [1mdist/components/alert-dialog/index.js.map    [22m[32m69.00 B[39m
[32mCJS[39m [1mdist/components/button/index.js.map          [22m[32m69.00 B[39m
[32mCJS[39m [1mdist/components/breadcrumb/index.js.map      [22m[32m69.00 B[39m
[32mCJS[39m [1mdist/components/collapsible/index.js.map     [22m[32m69.00 B[39m
[32mCJS[39m [1mdist/components/calendar/index.js.map        [22m[32m69.00 B[39m
[32mCJS[39m [1mdist/components/banner/index.js.map          [22m[32m69.00 B[39m
[32mCJS[39m [1mdist/chunk-VDZO3PX2.js.map                   [22m[32m78.00 B[39m
[32mCJS[39m [1mdist/index.js.map                            [22m[32m69.00 B[39m
[32mCJS[39m [1mdist/components/checkbox-tree/index.js.map   [22m[32m69.00 B[39m
[32mCJS[39m [1mdist/chunk-5SHJCHMC.js.map                   [22m[32m98.00 B[39m
[32mCJS[39m [1mdist/components/dropdown-menu/index.js.map   [22m[32m69.00 B[39m
[32mCJS[39m [1mdist/components/alert/index.js.map           [22m[32m69.00 B[39m
[32mCJS[39m [1mdist/slices/machines.js.map                  [22m[32m72.00 B[39m
[32mCJS[39m [1mdist/chunk-TDASHMUY.js.map                   [22m[32m801.00 B[39m
[32mCJS[39m [1mdist/slices/variants.js.map                  [22m[32m72.00 B[39m
[32mCJS[39m [1mdist/components/accordion/index.js.map       [22m[32m69.00 B[39m
[32mCJS[39m [1mdist/chunk-MGERYQBI.js.map                   [22m[32m1.51 KB[39m
[32mCJS[39m [1mdist/slices/schemas.js.map                   [22m[32m71.00 B[39m
[32mCJS[39m [1mdist/shared/utils.js.map                     [22m[32m69.00 B[39m
[32mCJS[39m [1mdist/chunk-IXOB2BA4.js.map                   [22m[32m9.90 KB[39m
[32mCJS[39m [1mdist/chunk-P6DYGLCU.js.map                   [22m[32m66.68 KB[39m
[32mCJS[39m [1mdist/chunk-5FD4456M.js.map                   [22m[32m138.36 KB[39m
[32mCJS[39m [1mdist/chunk-5TYDFSDG.js.map                   [22m[32m98.00 B[39m
[32mCJS[39m [1mdist/shared/preview-protocol.js.map          [22m[32m80.00 B[39m
[32mCJS[39m [1mdist/components/separator/index.js.map       [22m[32m69.00 B[39m
[32mCJS[39m [1mdist/components/radio-group/index.js.map     [22m[32m69.00 B[39m
[32mCJS[39m [1mdist/components/navbar/index.js.map          [22m[32m69.00 B[39m
[32mCJS[39m [1mdist/components/navigation-menu/index.js.map [22m[32m69.00 B[39m
[32mCJS[39m [1mdist/components/avatar/index.js.map          [22m[32m69.00 B[39m
[32mCJS[39m ⚡️ Build success in 730ms
